01-25 01:36:31.935 27313 27380 I TestRunner: started: clicking_grid_list_button_displays_grid_list(com.example.dogglers.ButtonTests)
01-25 01:36:31.942 27313 27313 I InputTransport: Destroy ARC handle: 0xb400007e593b76e0
01-25 01:36:31.948 27313 27380 W Settings: Setting always_finish_activities has moved from android.provider.Settings.System to android.provider.Settings.Global, returning read-only value.
01-25 01:36:31.992 27313 27313 D LifecycleMonitor: Lifecycle status change: androidx.test.core.app.InstrumentationActivityInvoker$BootstrapActivity@258acce in: PRE_ON_CREATE
01-25 01:36:31.993 27313 27313 V ActivityScenario: Activity lifecycle changed event received but ignored because the intent does not match. startActivityIntent=Intent { act=android.intent.action.MAIN cat=[android.intent.category.LAUNCHER] cmp=com.example.dogglers/.MainActivity }, activity.getIntent()=Intent { act=android.intent.action.MAIN cat=[android.intent.category.LAUNCHER] flg=0x10008000 cmp=com.example.dogglers/androidx.test.core.app.InstrumentationActivityInvoker$BootstrapActivity (has extras) }, activity=androidx.test.core.app.InstrumentationActivityInvoker$BootstrapActivity@258acce
01-25 01:36:32.014 27313 27313 D LifecycleMonitor: Lifecycle status change: androidx.test.core.app.InstrumentationActivityInvoker$BootstrapActivity@258acce in: CREATED
01-25 01:36:32.015 27313 27313 V ActivityScenario: Activity lifecycle changed event received but ignored because the intent does not match. startActivityIntent=Intent { act=android.intent.action.MAIN cat=[android.intent.category.LAUNCHER] cmp=com.example.dogglers/.MainActivity }, activity.getIntent()=Intent { act=android.intent.action.MAIN cat=[android.intent.category.LAUNCHER] flg=0x10008000 cmp=com.example.dogglers/androidx.test.core.app.InstrumentationActivityInvoker$BootstrapActivity (has extras) }, activity=androidx.test.core.app.InstrumentationActivityInvoker$BootstrapActivity@258acce
01-25 01:36:32.018 27313 27313 D LifecycleMonitor: Lifecycle status change: androidx.test.core.app.InstrumentationActivityInvoker$BootstrapActivity@258acce in: STARTED
01-25 01:36:32.018 27313 27313 V ActivityScenario: Activity lifecycle changed event received but ignored because the intent does not match. startActivityIntent=Intent { act=android.intent.action.MAIN cat=[android.intent.category.LAUNCHER] cmp=com.example.dogglers/.MainActivity }, activity.getIntent()=Intent { act=android.intent.action.MAIN cat=[android.intent.category.LAUNCHER] flg=0x10008000 cmp=com.example.dogglers/androidx.test.core.app.InstrumentationActivityInvoker$BootstrapActivity (has extras) }, activity=androidx.test.core.app.InstrumentationActivityInvoker$BootstrapActivity@258acce
01-25 01:36:32.033 27313 27313 D LifecycleMonitor: Lifecycle status change: androidx.test.core.app.InstrumentationActivityInvoker$BootstrapActivity@258acce in: RESUMED
01-25 01:36:32.034 27313 27313 V ActivityScenario: Activity lifecycle changed event received but ignored because the intent does not match. startActivityIntent=Intent { act=android.intent.action.MAIN cat=[android.intent.category.LAUNCHER] cmp=com.example.dogglers/.MainActivity }, activity.getIntent()=Intent { act=android.intent.action.MAIN cat=[android.intent.category.LAUNCHER] flg=0x10008000 cmp=com.example.dogglers/androidx.test.core.app.InstrumentationActivityInvoker$BootstrapActivity (has extras) }, activity=androidx.test.core.app.InstrumentationActivityInvoker$BootstrapActivity@258acce
01-25 01:36:32.039 27313 27313 D LifecycleMonitor: Lifecycle status change: androidx.test.core.app.InstrumentationActivityInvoker$BootstrapActivity@258acce in: PAUSED
01-25 01:36:32.040 27313 27313 V ActivityScenario: Activity lifecycle changed event received but ignored because the intent does not match. startActivityIntent=Intent { act=android.intent.action.MAIN cat=[android.intent.category.LAUNCHER] cmp=com.example.dogglers/.MainActivity }, activity.getIntent()=Intent { act=android.intent.action.MAIN cat=[android.intent.category.LAUNCHER] flg=0x10008000 cmp=com.example.dogglers/androidx.test.core.app.InstrumentationActivityInvoker$BootstrapActivity (has extras) }, activity=androidx.test.core.app.InstrumentationActivityInvoker$BootstrapActivity@258acce
01-25 01:36:32.073 27313 27313 D LifecycleMonitor: Lifecycle status change: com.example.dogglers.MainActivity@82132e8 in: PRE_ON_CREATE
01-25 01:36:32.074 27313 27313 V ActivityScenario: Activity lifecycle changed event received but ignored because the reported transition was not ON_CREATE while the last known transition was PRE_ON_CREATE
01-25 01:36:32.106  4742  4742 I GsaVoiceInteractionSrv: Handling ACTION_STOP_HOTWORD
01-25 01:36:32.157 27313 27313 D LifecycleMonitor: Lifecycle status change: com.example.dogglers.MainActivity@82132e8 in: CREATED
01-25 01:36:32.158 27313 27313 V ActivityScenario: Update currentActivityStage to CREATED, currentActivity=com.example.dogglers.MainActivity@82132e8
01-25 01:36:32.160 27313 27313 D LifecycleMonitor: Lifecycle status change: com.example.dogglers.MainActivity@82132e8 in: STARTED
01-25 01:36:32.161 27313 27313 V ActivityScenario: Update currentActivityStage to STARTED, currentActivity=com.example.dogglers.MainActivity@82132e8
01-25 01:36:32.162 27313 27313 D LifecycleMonitor: Lifecycle status change: com.example.dogglers.MainActivity@82132e8 in: RESUMED
01-25 01:36:32.163 27313 27313 V ActivityScenario: Update currentActivityStage to RESUMED, currentActivity=com.example.dogglers.MainActivity@82132e8
01-25 01:36:32.174 27313 27313 I InputTransport: Create ARC handle: 0xb400007e593e6a00
01-25 01:36:32.225 27313 27313 D LifecycleMonitor: Lifecycle status change: androidx.test.core.app.InstrumentationActivityInvoker$BootstrapActivity@258acce in: STOPPED
01-25 01:36:32.226 27313 27313 V ActivityScenario: Activity lifecycle changed event received but ignored because the intent does not match. startActivityIntent=Intent { act=android.intent.action.MAIN cat=[android.intent.category.LAUNCHER] cmp=com.example.dogglers/.MainActivity }, activity.getIntent()=Intent { act=android.intent.action.MAIN cat=[android.intent.category.LAUNCHER] flg=0x10008000 cmp=com.example.dogglers/androidx.test.core.app.InstrumentationActivityInvoker$BootstrapActivity (has extras) }, activity=androidx.test.core.app.InstrumentationActivityInvoker$BootstrapActivity@258acce
01-25 01:36:32.230  1580  1741 I ActivityTaskManager: Displayed com.example.dogglers/.MainActivity: +273ms
01-25 01:36:32.265  8202  8202 I GoogleInputMethodService: GoogleInputMethodService.onFinishInput():3220
01-25 01:36:32.266  8202  8202 I GoogleInputMethodService: GoogleInputMethodService.updateDeviceLockedStatus():2085 repeatCheckTimes = 0, unlocked = true
01-25 01:36:32.266  8202  8202 I GoogleInputMethodService: GoogleInputMethodService.onStartInput():1876 onStartInput(EditorInfo{inputType=0x0(NULL) imeOptions=0x0 privateImeOptions=null actionName=UNSPECIFIED actionLabel=null actionId=0 initialSelStart=-1 initialSelEnd=-1 initialCapsMode=0x0 hintText=null label=null packageName=com.example.dogglers fieldId=-1 fieldName=null extras=null}, false)
01-25 01:36:32.266  8202  8202 I GoogleInputMethodService: GoogleInputMethodService.shouldHideHeaderOnInitialState():3985 ShouldHideHeaderOnInitialState = false
01-25 01:36:32.267  8202  8202 I GoogleInputMethodService: GoogleInputMethodService.updateDeviceLockedStatus():2085 repeatCheckTimes = 2, unlocked = true
01-25 01:36:32.270 27313 27313 I ViewInteraction: Performing 'single click' action on view view.getId() is <2131230936/com.example.dogglers:id/grid_btn>
01-25 01:36:32.328 27313 27313 D LifecycleMonitor: Lifecycle status change: com.example.dogglers.MainActivity@82132e8 in: PAUSED
01-25 01:36:32.329 27313 27313 V ActivityScenario: Update currentActivityStage to PAUSED, currentActivity=com.example.dogglers.MainActivity@82132e8
01-25 01:36:32.353 27313 27313 D LifecycleMonitor: Lifecycle status change: com.example.dogglers.GridListActivity@afa7538 in: PRE_ON_CREATE
01-25 01:36:32.354 27313 27313 V ActivityScenario: Activity lifecycle changed event received but ignored because the intent does not match. startActivityIntent=Intent { act=android.intent.action.MAIN cat=[android.intent.category.LAUNCHER] cmp=com.example.dogglers/.MainActivity }, activity.getIntent()=Intent { cmp=com.example.dogglers/.GridListActivity }, activity=com.example.dogglers.GridListActivity@afa7538
01-25 01:36:32.414 27313 27313 D LifecycleMonitor: Lifecycle status change: com.example.dogglers.GridListActivity@afa7538 in: CREATED
01-25 01:36:32.415 27313 27313 V ActivityScenario: Activity lifecycle changed event received but ignored because the intent does not match. startActivityIntent=Intent { act=android.intent.action.MAIN cat=[android.intent.category.LAUNCHER] cmp=com.example.dogglers/.MainActivity }, activity.getIntent()=Intent { cmp=com.example.dogglers/.GridListActivity }, activity=com.example.dogglers.GridListActivity@afa7538
01-25 01:36:32.418 27313 27313 D LifecycleMonitor: Lifecycle status change: com.example.dogglers.GridListActivity@afa7538 in: STARTED
01-25 01:36:32.418 27313 27313 V ActivityScenario: Activity lifecycle changed event received but ignored because the intent does not match. startActivityIntent=Intent { act=android.intent.action.MAIN cat=[android.intent.category.LAUNCHER] cmp=com.example.dogglers/.MainActivity }, activity.getIntent()=Intent { cmp=com.example.dogglers/.GridListActivity }, activity=com.example.dogglers.GridListActivity@afa7538
01-25 01:36:32.420 27313 27313 D LifecycleMonitor: Lifecycle status change: com.example.dogglers.GridListActivity@afa7538 in: RESUMED
01-25 01:36:32.421 27313 27313 V ActivityScenario: Activity lifecycle changed event received but ignored because the intent does not match. startActivityIntent=Intent { act=android.intent.action.MAIN cat=[android.intent.category.LAUNCHER] cmp=com.example.dogglers/.MainActivity }, activity.getIntent()=Intent { cmp=com.example.dogglers/.GridListActivity }, activity=com.example.dogglers.GridListActivity@afa7538
01-25 01:36:32.441 27313 27313 I InputTransport: Create ARC handle: 0xb400007e595281a0
01-25 01:36:32.755  1580  1741 I ActivityTaskManager: Displayed com.example.dogglers/.GridListActivity: +438ms
01-25 01:36:32.778  8202  8202 I GoogleInputMethodService: GoogleInputMethodService.onFinishInput():3220
01-25 01:36:32.779  8202  8202 I GoogleInputMethodService: GoogleInputMethodService.updateDeviceLockedStatus():2085 repeatCheckTimes = 0, unlocked = true
01-25 01:36:32.779  8202  8202 I GoogleInputMethodService: GoogleInputMethodService.onStartInput():1876 onStartInput(EditorInfo{inputType=0x0(NULL) imeOptions=0x0 privateImeOptions=null actionName=UNSPECIFIED actionLabel=null actionId=0 initialSelStart=-1 initialSelEnd=-1 initialCapsMode=0x0 hintText=null label=null packageName=com.example.dogglers fieldId=-1 fieldName=null extras=null}, false)
01-25 01:36:32.779  8202  8202 I GoogleInputMethodService: GoogleInputMethodService.shouldHideHeaderOnInitialState():3985 ShouldHideHeaderOnInitialState = false
01-25 01:36:32.779  8202  8202 I GoogleInputMethodService: GoogleInputMethodService.updateDeviceLockedStatus():2085 repeatCheckTimes = 2, unlocked = true
01-25 01:36:32.985 27313 27313 I ViewInteraction: Checking 'MatchesViewAssertion{viewMatcher=(view has effective visibility <VISIBLE> and view.getGlobalVisibleRect() to return non-empty rectangle)}' assertion on view view.getId() is <2131230937/com.example.dogglers:id/grid_recycler_view>
01-25 01:36:33.001 27313 27313 D LifecycleMonitor: Lifecycle status change: com.example.dogglers.GridListActivity@afa7538 in: PAUSED
01-25 01:36:33.001 27313 27313 V ActivityScenario: Activity lifecycle changed event received but ignored because the intent does not match. startActivityIntent=Intent { act=android.intent.action.MAIN cat=[android.intent.category.LAUNCHER] cmp=com.example.dogglers/.MainActivity }, activity.getIntent()=Intent { cmp=com.example.dogglers/.GridListActivity }, activity=com.example.dogglers.GridListActivity@afa7538
01-25 01:36:33.017 27313 27313 D LifecycleMonitor: Lifecycle status change: androidx.test.core.app.InstrumentationActivityInvoker$EmptyActivity@a9112a6 in: PRE_ON_CREATE
01-25 01:36:33.017 27313 27313 V ActivityScenario: Activity lifecycle changed event received but ignored because the intent does not match. startActivityIntent=Intent { act=android.intent.action.MAIN cat=[android.intent.category.LAUNCHER] cmp=com.example.dogglers/.MainActivity }, activity.getIntent()=Intent { act=android.intent.action.MAIN cat=[android.intent.category.LAUNCHER] flg=0x10000000 cmp=com.example.dogglers/androidx.test.core.app.InstrumentationActivityInvoker$EmptyActivity }, activity=androidx.test.core.app.InstrumentationActivityInvoker$EmptyActivity@a9112a6
01-25 01:36:33.030 27313 27313 D LifecycleMonitor: Lifecycle status change: androidx.test.core.app.InstrumentationActivityInvoker$EmptyActivity@a9112a6 in: CREATED
01-25 01:36:33.030 27313 27313 V ActivityScenario: Activity lifecycle changed event received but ignored because the intent does not match. startActivityIntent=Intent { act=android.intent.action.MAIN cat=[android.intent.category.LAUNCHER] cmp=com.example.dogglers/.MainActivity }, activity.getIntent()=Intent { act=android.intent.action.MAIN cat=[android.intent.category.LAUNCHER] flg=0x10000000 cmp=com.example.dogglers/androidx.test.core.app.InstrumentationActivityInvoker$EmptyActivity }, activity=androidx.test.core.app.InstrumentationActivityInvoker$EmptyActivity@a9112a6
01-25 01:36:33.032 27313 27313 D LifecycleMonitor: Lifecycle status change: androidx.test.core.app.InstrumentationActivityInvoker$EmptyActivity@a9112a6 in: STARTED
01-25 01:36:33.033 27313 27313 V ActivityScenario: Activity lifecycle changed event received but ignored because the intent does not match. startActivityIntent=Intent { act=android.intent.action.MAIN cat=[android.intent.category.LAUNCHER] cmp=com.example.dogglers/.MainActivity }, activity.getIntent()=Intent { act=android.intent.action.MAIN cat=[android.intent.category.LAUNCHER] flg=0x10000000 cmp=com.example.dogglers/androidx.test.core.app.InstrumentationActivityInvoker$EmptyActivity }, activity=androidx.test.core.app.InstrumentationActivityInvoker$EmptyActivity@a9112a6
01-25 01:36:33.035 27313 27313 D LifecycleMonitor: Lifecycle status change: androidx.test.core.app.InstrumentationActivityInvoker$EmptyActivity@a9112a6 in: RESUMED
01-25 01:36:33.035 27313 27313 V ActivityScenario: Activity lifecycle changed event received but ignored because the intent does not match. startActivityIntent=Intent { act=android.intent.action.MAIN cat=[android.intent.category.LAUNCHER] cmp=com.example.dogglers/.MainActivity }, activity.getIntent()=Intent { act=android.intent.action.MAIN cat=[android.intent.category.LAUNCHER] flg=0x10000000 cmp=com.example.dogglers/androidx.test.core.app.InstrumentationActivityInvoker$EmptyActivity }, activity=androidx.test.core.app.InstrumentationActivityInvoker$EmptyActivity@a9112a6
01-25 01:36:33.046 27313 27313 I InputTransport: Create ARC handle: 0xb400007e59563c80
01-25 01:36:33.074  1580  1741 I ActivityTaskManager: Displayed com.example.dogglers/androidx.test.core.app.InstrumentationActivityInvoker$EmptyActivity: +82ms
01-25 01:36:33.098 27313 27313 D LifecycleMonitor: Lifecycle status change: androidx.test.core.app.InstrumentationActivityInvoker$BootstrapActivity@258acce in: DESTROYED
01-25 01:36:33.098 27313 27313 V ActivityScenario: Activity lifecycle changed event received but ignored because the intent does not match. startActivityIntent=Intent { act=android.intent.action.MAIN cat=[android.intent.category.LAUNCHER] cmp=com.example.dogglers/.MainActivity }, activity.getIntent()=Intent { act=android.intent.action.MAIN cat=[android.intent.category.LAUNCHER] flg=0x10008000 cmp=com.example.dogglers/androidx.test.core.app.InstrumentationActivityInvoker$BootstrapActivity (has extras) }, activity=androidx.test.core.app.InstrumentationActivityInvoker$BootstrapActivity@258acce
01-25 01:36:33.101 27313 27313 D LifecycleMonitor: Lifecycle status change: androidx.test.core.app.InstrumentationActivityInvoker$EmptyActivity@a9112a6 in: PAUSED
01-25 01:36:33.102 27313 27313 V ActivityScenario: Activity lifecycle changed event received but ignored because the intent does not match. startActivityIntent=Intent { act=android.intent.action.MAIN cat=[android.intent.category.LAUNCHER] cmp=com.example.dogglers/.MainActivity }, activity.getIntent()=Intent { act=android.intent.action.MAIN cat=[android.intent.category.LAUNCHER] flg=0x10000000 cmp=com.example.dogglers/androidx.test.core.app.InstrumentationActivityInvoker$EmptyActivity }, activity=androidx.test.core.app.InstrumentationActivityInvoker$EmptyActivity@a9112a6
01-25 01:36:33.120 27313 27313 D LifecycleMonitor: Lifecycle status change: androidx.test.core.app.InstrumentationActivityInvoker$EmptyActivity@c5dd07e in: PRE_ON_CREATE
01-25 01:36:33.121 27313 27313 V ActivityScenario: Activity lifecycle changed event received but ignored because the intent does not match. startActivityIntent=Intent { act=android.intent.action.MAIN cat=[android.intent.category.LAUNCHER] cmp=com.example.dogglers/.MainActivity }, activity.getIntent()=Intent { act=android.intent.action.MAIN cat=[android.intent.category.LAUNCHER] flg=0x10000000 cmp=com.example.dogglers/androidx.test.core.app.InstrumentationActivityInvoker$EmptyActivity }, activity=androidx.test.core.app.InstrumentationActivityInvoker$EmptyActivity@c5dd07e
01-25 01:36:33.132 27313 27313 D LifecycleMonitor: Lifecycle status change: androidx.test.core.app.InstrumentationActivityInvoker$EmptyActivity@c5dd07e in: CREATED
01-25 01:36:33.133 27313 27313 V ActivityScenario: Activity lifecycle changed event received but ignored because the intent does not match. startActivityIntent=Intent { act=android.intent.action.MAIN cat=[android.intent.category.LAUNCHER] cmp=com.example.dogglers/.MainActivity }, activity.getIntent()=Intent { act=android.intent.action.MAIN cat=[android.intent.category.LAUNCHER] flg=0x10000000 cmp=com.example.dogglers/androidx.test.core.app.InstrumentationActivityInvoker$EmptyActivity }, activity=androidx.test.core.app.InstrumentationActivityInvoker$EmptyActivity@c5dd07e
01-25 01:36:33.135 27313 27313 D LifecycleMonitor: Lifecycle status change: androidx.test.core.app.InstrumentationActivityInvoker$EmptyActivity@c5dd07e in: STARTED
01-25 01:36:33.135 27313 27313 V ActivityScenario: Activity lifecycle changed event received but ignored because the intent does not match. startActivityIntent=Intent { act=android.intent.action.MAIN cat=[android.intent.category.LAUNCHER] cmp=com.example.dogglers/.MainActivity }, activity.getIntent()=Intent { act=android.intent.action.MAIN cat=[android.intent.category.LAUNCHER] flg=0x10000000 cmp=com.example.dogglers/androidx.test.core.app.InstrumentationActivityInvoker$EmptyActivity }, activity=androidx.test.core.app.InstrumentationActivityInvoker$EmptyActivity@c5dd07e
01-25 01:36:33.137 27313 27313 D LifecycleMonitor: Lifecycle status change: androidx.test.core.app.InstrumentationActivityInvoker$EmptyActivity@c5dd07e in: RESUMED
01-25 01:36:33.138 27313 27313 V ActivityScenario: Activity lifecycle changed event received but ignored because the intent does not match. startActivityIntent=Intent { act=android.intent.action.MAIN cat=[android.intent.category.LAUNCHER] cmp=com.example.dogglers/.MainActivity }, activity.getIntent()=Intent { act=android.intent.action.MAIN cat=[android.intent.category.LAUNCHER] flg=0x10000000 cmp=com.example.dogglers/androidx.test.core.app.InstrumentationActivityInvoker$EmptyActivity }, activity=androidx.test.core.app.InstrumentationActivityInvoker$EmptyActivity@c5dd07e
01-25 01:36:33.147 27313 27313 I InputTransport: Create ARC handle: 0xb400007e59563f80
01-25 01:36:33.182  1580  1741 I ActivityTaskManager: Displayed com.example.dogglers/androidx.test.core.app.InstrumentationActivityInvoker$EmptyActivity: +96ms
01-25 01:36:33.200  8202  8202 I GoogleInputMethodService: GoogleInputMethodService.onFinishInput():3220
01-25 01:36:33.201  8202  8202 I GoogleInputMethodService: GoogleInputMethodService.updateDeviceLockedStatus():2085 repeatCheckTimes = 0, unlocked = true
01-25 01:36:33.201  8202  8202 I GoogleInputMethodService: GoogleInputMethodService.onStartInput():1876 onStartInput(EditorInfo{inputType=0x0(NULL) imeOptions=0x0 privateImeOptions=null actionName=UNSPECIFIED actionLabel=null actionId=0 initialSelStart=-1 initialSelEnd=-1 initialCapsMode=0x0 hintText=null label=null packageName=com.example.dogglers fieldId=-1 fieldName=null extras=null}, false)
01-25 01:36:33.201  8202  8202 I GoogleInputMethodService: GoogleInputMethodService.shouldHideHeaderOnInitialState():3985 ShouldHideHeaderOnInitialState = false
01-25 01:36:33.202  8202  8202 I GoogleInputMethodService: GoogleInputMethodService.updateDeviceLockedStatus():2085 repeatCheckTimes = 2, unlocked = true
01-25 01:36:33.228 27313 27313 D LifecycleMonitor: Lifecycle status change: androidx.test.core.app.InstrumentationActivityInvoker$EmptyActivity@a9112a6 in: STOPPED
01-25 01:36:33.228 27313 27313 V ActivityScenario: Activity lifecycle changed event received but ignored because the intent does not match. startActivityIntent=Intent { act=android.intent.action.MAIN cat=[android.intent.category.LAUNCHER] cmp=com.example.dogglers/.MainActivity }, activity.getIntent()=Intent { act=android.intent.action.MAIN cat=[android.intent.category.LAUNCHER] flg=0x10000000 cmp=com.example.dogglers/androidx.test.core.app.InstrumentationActivityInvoker$EmptyActivity }, activity=androidx.test.core.app.InstrumentationActivityInvoker$EmptyActivity@a9112a6
01-25 01:36:33.230 27313 27313 D LifecycleMonitor: Lifecycle status change: androidx.test.core.app.InstrumentationActivityInvoker$EmptyActivity@a9112a6 in: DESTROYED
01-25 01:36:33.230 27313 27313 V ActivityScenario: Activity lifecycle changed event received but ignored because the intent does not match. startActivityIntent=Intent { act=android.intent.action.MAIN cat=[android.intent.category.LAUNCHER] cmp=com.example.dogglers/.MainActivity }, activity.getIntent()=Intent { act=android.intent.action.MAIN cat=[android.intent.category.LAUNCHER] flg=0x10000000 cmp=com.example.dogglers/androidx.test.core.app.InstrumentationActivityInvoker$EmptyActivity }, activity=androidx.test.core.app.InstrumentationActivityInvoker$EmptyActivity@a9112a6
01-25 01:36:33.235 27313 27313 I InputTransport: Destroy ARC handle: 0xb400007e59563c80
01-25 01:36:33.239 27313 27313 D LifecycleMonitor: Lifecycle status change: androidx.test.core.app.InstrumentationActivityInvoker$EmptyActivity@c5dd07e in: PAUSED
01-25 01:36:33.239 27313 27313 V ActivityScenario: Activity lifecycle changed event received but ignored because the intent does not match. startActivityIntent=Intent { act=android.intent.action.MAIN cat=[android.intent.category.LAUNCHER] cmp=com.example.dogglers/.MainActivity }, activity.getIntent()=Intent { act=android.intent.action.MAIN cat=[android.intent.category.LAUNCHER] flg=0x10000000 cmp=com.example.dogglers/androidx.test.core.app.InstrumentationActivityInvoker$EmptyActivity }, activity=androidx.test.core.app.InstrumentationActivityInvoker$EmptyActivity@c5dd07e
01-25 01:36:33.250 27313 27313 D LifecycleMonitor: Lifecycle status change: com.example.dogglers.GridListActivity@afa7538 in: RESUMED
01-25 01:36:33.250 27313 27313 V ActivityScenario: Activity lifecycle changed event received but ignored because the intent does not match. startActivityIntent=Intent { act=android.intent.action.MAIN cat=[android.intent.category.LAUNCHER] cmp=com.example.dogglers/.MainActivity }, activity.getIntent()=Intent { cmp=com.example.dogglers/.GridListActivity }, activity=com.example.dogglers.GridListActivity@afa7538
01-25 01:36:33.314 27313 27313 D ViewRootImpl[GridListActivity]: msg2 update new insets InsetsState: {mDisplayFrame=Rect(0, 0 - 1080, 2408), mSources= { InsetsSource: {mType=ITYPE_STATUS_BAR, mFrame=[0,0][1080,77], mVisible=true}, InsetsSource: {mType=ITYPE_TOP_GESTURES, mFrame=[0,0][1080,77], mVisible=true}, InsetsSource: {mType=ITYPE_LEFT_GESTURES, mFrame=[0,0][0,0], mVisible=true}, InsetsSource: {mType=ITYPE_RIGHT_GESTURES, mFrame=[0,0][0,0], mVisible=true}, InsetsSource: {mType=ITYPE_TOP_TAPPABLE_ELEMENT, mFrame=[0,0][1080,77], mVisible=true}, InsetsSource: {mType=ITYPE_LEFT_DISPLAY_CUTOUT, mFrame=[0,0][-2147483648,2408], mVisible=true}, InsetsSource: {mType=ITYPE_TOP_DISPLAY_CUTOUT, mFrame=[0,0][1080,67], mVisible=true}, InsetsSource: {mType=ITYPE_RIGHT_DISPLAY_CUTOUT, mFrame=[2147483647,0][1080,2408], mVisible=true}, InsetsSource: {mType=ITYPE_BOTTOM_DISPLAY_CUTOUT, mFrame=[0,2147483647][1080,2408], mVisible=true}, InsetsSource: {mType=ITYPE_IME, mFrame=[0,0][0,0], mVisible=false} }
01-25 01:36:33.320  8202  8202 I GoogleInputMethodService: GoogleInputMethodService.onFinishInput():3220
01-25 01:36:33.321  8202  8202 I GoogleInputMethodService: GoogleInputMethodService.updateDeviceLockedStatus():2085 repeatCheckTimes = 0, unlocked = true
01-25 01:36:33.322  8202  8202 I GoogleInputMethodService: GoogleInputMethodService.onStartInput():1876 onStartInput(EditorInfo{inputType=0x0(NULL) imeOptions=0x0 privateImeOptions=null actionName=UNSPECIFIED actionLabel=null actionId=0 initialSelStart=-1 initialSelEnd=-1 initialCapsMode=0x0 hintText=null label=null packageName=com.example.dogglers fieldId=-1 fieldName=null extras=null}, false)
01-25 01:36:33.322  8202  8202 I GoogleInputMethodService: GoogleInputMethodService.shouldHideHeaderOnInitialState():3985 ShouldHideHeaderOnInitialState = false
01-25 01:36:33.323  8202  8202 I GoogleInputMethodService: GoogleInputMethodService.updateDeviceLockedStatus():2085 repeatCheckTimes = 2, unlocked = true
01-25 01:36:33.332 27313 27313 D LifecycleMonitor: Lifecycle status change: androidx.test.core.app.InstrumentationActivityInvoker$EmptyActivity@c5dd07e in: STOPPED
01-25 01:36:33.333 27313 27313 V ActivityScenario: Activity lifecycle changed event received but ignored because the intent does not match. startActivityIntent=Intent { act=android.intent.action.MAIN cat=[android.intent.category.LAUNCHER] cmp=com.example.dogglers/.MainActivity }, activity.getIntent()=Intent { act=android.intent.action.MAIN cat=[android.intent.category.LAUNCHER] flg=0x10000000 cmp=com.example.dogglers/androidx.test.core.app.InstrumentationActivityInvoker$EmptyActivity }, activity=androidx.test.core.app.InstrumentationActivityInvoker$EmptyActivity@c5dd07e
01-25 01:36:33.335 27313 27313 D LifecycleMonitor: Lifecycle status change: androidx.test.core.app.InstrumentationActivityInvoker$EmptyActivity@c5dd07e in: DESTROYED
01-25 01:36:33.335 27313 27313 V ActivityScenario: Activity lifecycle changed event received but ignored because the intent does not match. startActivityIntent=Intent { act=android.intent.action.MAIN cat=[android.intent.category.LAUNCHER] cmp=com.example.dogglers/.MainActivity }, activity.getIntent()=Intent { act=android.intent.action.MAIN cat=[android.intent.category.LAUNCHER] flg=0x10000000 cmp=com.example.dogglers/androidx.test.core.app.InstrumentationActivityInvoker$EmptyActivity }, activity=androidx.test.core.app.InstrumentationActivityInvoker$EmptyActivity@c5dd07e
01-25 01:36:33.340 27313 27313 I InputTransport: Destroy ARC handle: 0xb400007e59563f80
01-25 01:36:33.342 27313 27313 D LifecycleMonitor: Lifecycle status change: com.example.dogglers.MainActivity@82132e8 in: STOPPED
01-25 01:36:33.343 27313 27313 V ActivityScenario: Update currentActivityStage to STOPPED, currentActivity=com.example.dogglers.MainActivity@82132e8
01-25 01:36:33.345 27313 27313 D LifecycleMonitor: Lifecycle status change: com.example.dogglers.MainActivity@82132e8 in: DESTROYED
01-25 01:36:33.345 27313 27313 V ActivityScenario: Update currentActivityStage to DESTROYED, currentActivity=null
01-25 01:36:33.345 27313 27380 I TestRunner: finished: clicking_grid_list_button_displays_grid_list(com.example.dogglers.ButtonTests)
